// Jest Snapshot v1, https://goo.gl/fbAQLP

exports[`Modal Snapshot should render modal component styles 1`] = `
<div
  className="css-2wtgp9"
>
  <div
    className="css-15e9n3k"
    onClick={[Function]}
  >
    <div
      className="css-1pgkpxz"
      direction="row"
    >
      <p
        className="css-kxn7ez"
        fontFamily="IBM Plex Sans"
        fontWeight="bold"
      >
        Notification
      </p>
      <p
        className="css-7ee2u0"
        cursor="pointer"
        fontFamily="IBM Plex Sans"
        tabIndex={0}
      >
        X
      </p>
    </div>
    You have been notified of a friend request
    <div
      className="css-1a6mal2"
      direction="row"
    >
      <p
        className="css-13kh8s7"
        color="#F00"
        cursor="pointer"
        fontFamily="IBM Plex Sans"
        tabIndex={0}
      >
        Cancel
      </p>
      <button
        className="css-ixr4om"
      >
        <p
          className="css-ms6223"
          fontFamily="IBM Plex Sans"
        >
          Submit
        </p>
      </button>
    </div>
  </div>
</div>
`;
