// Jest Snapshot v1, https://goo.gl/fbAQLP

exports[`Footer should render footer component styling 1`] = `
<div
  className="css-24gdc"
  direction="row"
>
  <p
    className="css-5elzrj"
    color="white"
    fontFamily="IBM Plex Sans"
  >
    ©2022 OmniFederal · All Rights Reserved · Hello World
  </p>
</div>
`;
