// Jest Snapshot v1, https://goo.gl/fbAQLP

exports[`Footer should render footer component styling 1`] = `
<div
  className="css-1tvnu3w"
  direction="row"
>
  <text
    className="css-vofh07"
    color="white"
    fontFamily="IBM Plex Sans"
  >
    ©2022 OmniFederal · All Rights Reserved · Hello World
  </text>
</div>
`;
