// Jest Snapshot v1, https://goo.gl/fbAQLP

exports[`Book should render book component styles 1`] = `
<div
  className="css-1ag0urc"
>
  <text
    className="css-1xcebyk"
    fontFamily="IBM Plex Sans"
    fontWeight="700"
  >
    Harry Potter and the Chamber of Secrets
  </text>
  <text
    className="css-mikw06"
    fontFamily="IBM Plex Sans"
    fontStyle="italic"
  >
    J.K. Rowling
  </text>
</div>
`;
