// Jest Snapshot v1, https://goo.gl/fbAQLP

exports[`Book should render book component styles 1`] = `
<div
  className="css-q5el3q"
>
  <text
    className="css-1wcog2d"
    fontFamily="IBM Plex Sans"
    fontWeight="700"
  >
    Harry Potter and the Chamber of Secrets
  </text>
  <text
    className="css-icl4n5"
    fontFamily="IBM Plex Sans"
    fontStyle="italic"
  >
    J.K. Rowling
  </text>
</div>
`;
